[capture_reference] phase=verify
[capture_reference] torch=2.10.0+cu128 cuda=True
[capture_reference] scmp_kernels at /home/allenjin/Projects/SCMP/scmp_kernels/scmp_kernels/__init__.py
  pt_2d_bip       -> shape=(16, 24) sum=+171.665009  abs.mean=4.843311
  pt_2d_uni       -> shape=(16, 24) sum=+342.764221  abs.mean=4.905905
  pr_2d_bip       -> shape=(16, 24) sum=+169.639954  abs.mean=4.814964
  pr_2d_uni       -> shape=(16, 24) sum=+288.115967  abs.mean=4.860621
  pr_2d_chunk     -> shape=(16, 24) sum=+125.135590  abs.mean=6.471910
  pr_3d_bip       -> shape=(2, 8, 12) sum=+9.224290  abs.mean=4.806376
  ph_3d_bip       -> shape=(2, 8, 12) sum=+10.567987  abs.mean=4.831552
  pr_2d_lowprec   -> shape=(16, 24) sum=+185.669586  abs.mean=5.188026
per_row 128x128x128 sc_prec=8 stoc_len=256 -> 0.413 ms/it
  pt_2d_bip: PASS (bit-exact)
  pt_2d_uni: PASS (bit-exact)
  pr_2d_bip: PASS (bit-exact)
  pr_2d_uni: PASS (bit-exact)
  pr_2d_chunk: PASS (bit-exact)
  pr_3d_bip: PASS (bit-exact)
  ph_3d_bip: PASS (bit-exact)
  pr_2d_lowprec: PASS (bit-exact)
timing: 0.413 ms (before 0.406 ms, +1.6%)
[capture_reference] PASS
