device=cuda torch=2.10.0+cu128 NVIDIA RTX PRO 6000 Blackwell Server Edition
sc_prec=8  halve_bipolar_stoc_len=True  stoc_len=128  q_max=127

========================================================================
E0 (baseline): iid Bernoulli XNOR over [-1,1]^2, 41x41 grid, stoc_len=128
========================================================================
  max_err=1.4359e-01 at (X,Y)=(+0.050,-0.550)  in_centre=True
  mean_err centre=7.1168e-02  border=3.9539e-02  ratio=1.80x
  VERDICT-E0 (low-|xy|/high-|xy| ≥ 1.5x → paper tent visible): PASS
  wrote /home/allenjin/Projects/SCMP/scmp_kernels/arch_impl/figures/fig2a_baseline_iid_surface.png
  wrote /home/allenjin/Projects/SCMP/scmp_kernels/arch_impl/figures/fig2a_baseline_iid_heatmap.png

========================================================================
E1: Fig 2(a) surface — 41x41 grid, stoc_len=128
========================================================================
  sc_matmul: torch.Size([43, 43]), dtype=torch.float32, t=0.44s
  grid spans X∈[-0.945,+0.945] (exact lattice points)
  max_err=1.5660e-02 at (X,Y)=(-0.661,-0.850)  in_centre=False
  mean_err centre=2.4761e-03  border=3.5139e-03  ratio=0.70x
  VERDICT-E1 (low-|xy|/high-|xy| ≥ 1.5x): FAIL
  wrote /home/allenjin/Projects/SCMP/scmp_kernels/arch_impl/figures/fig2a_surface.png
  wrote /home/allenjin/Projects/SCMP/scmp_kernels/arch_impl/figures/fig2a_heatmap.png

========================================================================
E2: per-weight |error| with w~N(0,0.1^2), x=+0.50 fixed, N=20000, stoc_len=128, seeds=8
========================================================================
  |w| band means (ascending |w|):
    [0.00,0.05):  6.5022e-03
    [0.05,0.10):  6.9750e-03
    [0.10,0.15):  7.3710e-03
    [0.15,0.20):  7.6354e-03
    [0.20,0.25):  6.5254e-03
    [0.25,0.30):  6.7480e-03
    [0.30,0.40):  6.8779e-03
  mean_err |w|<0.05: 6.5022e-03    mean_err |w|>0.30: 6.7068e-03
  VERDICT-E2: FAIL
  wrote /home/allenjin/Projects/SCMP/scmp_kernels/arch_impl/figures/fig2b_near_zero.png

========================================================================
Presentation figures
========================================================================
  wrote /home/allenjin/Projects/SCMP/scmp_kernels/arch_impl/figures/fig2_presentation_compare.png
  wrote /home/allenjin/Projects/SCMP/scmp_kernels/arch_impl/figures/fig2_presentation_scmp.png

========================================================================
SUMMARY
========================================================================
  E0 baseline (paper's iid XNOR — expected to PASS):
      max_at=(+0.050,-0.550) in_centre=True  centre/border=1.80x  → PASS
  E1 scmp_kernels (tent in (X,Y)):
      max_at=(-0.661,-0.850) in_centre=False  centre/border=0.70x  → FAIL
  E2 scmp_kernels (error vs |w|, x=+0.50):
      mean(|w|<0.05)=6.502e-03  mean(|w|>0.30)=6.707e-03  → FAIL

  Paper's property in original (iid-XNOR) setup: CONFIRMED
  Same property in scmp_kernels: DOES NOT HOLD
